Script started on Thu May  6 13:10:26 2021
[1m[7m%[27m[1m[0m                                                                                                                                                                                     [0m[27m[24m[J[32m~/nu/csex1/csex1_6[39m $ [K[?2004h[7msqlite3 kadai6.db [27m[18D[27ms[27mq[27ml[27mi[27mt[27me[27m3[27m [27mk[27ma[27md[27ma[27mi[27m6[27m.[27md[27mb[27m [?2004l
SQLite version 3.32.3 2020-06-18 14:16:19
Enter ".help" for usage hints.
sqlite> create table users (name text, age integer); 
sqlite> insert into users values (â€™Johnâ€™, 20), (â€™Bobâ€™, 36); 
Error: no such column: â€™Bobâ€™
sqlite> insert into users values (â€™Johnâ€™, 20), (â€™Bobâ€™, 36);nâ€™[P,[P,[P,[P,[P,[P,[1@',[1@J,[1@o,[1@h,[1@n,[1@",[P,[1@',, 20), (â€™Bobâ€™[P,[P,[P,[P,[P,[1@',[1@B,[1@o,[1@b,[1@',
sqlite> select * from users; 
John|20
Bob|36
sqlite> delete from users where age > 30; 
sqlite> select * from users; 
John|20
sqlite> create table aozora (bookID integer, title text, author text); 
sqlite> .separator , 
sqlite> .import ./aozora-min.csv aozora 
sqlite> select title, author from aozora where author like â€™ å¤ç›®%â€™; 
Error: near "å¤ç›®": syntax error
sqlite> select title, author from aozora where author like â€™ å¤ç›®%â€™;;[K'; [På¤[På¤[1@'å¤å¤ç›®%';[P'[P'[P'
Error: near "li": syntax error
sqlite> select title, author from aozora where author li'å¤ç›®%';i[1@k'[1@e'[1@ '
äºŒç™¾åæ—¥,å¤ç›® æ¼±çŸ³
åŠã£ã¡ã‚ƒã‚“,å¤ç›® æ¼±çŸ³
æ–‡é³¥,å¤ç›® æ¼±çŸ³
æ–‡èŠ¸å§”å“¡ã¯ä½•ã‚’ã™ã‚‹ã‹,å¤ç›® æ¼±çŸ³
æ–‡èŠ¸ã®å“²å­¦çš„åŸºç¤Ž,å¤ç›® æ¼±çŸ³
æ–‡èŠ¸ã¨é“å¾³,å¤ç›® æ¼±çŸ³
é“æ¥½ã¨è·æ¥­,å¤ç›® æ¼±çŸ³
æ°¸æ—¥å°å“,å¤ç›® æ¼±çŸ³
ç¾ä»£æ—¥æœ¬ã®é–‹åŒ–,å¤ç›® æ¼±çŸ³
ç¡å­æˆ¸ã®ä¸­,å¤ç›® æ¼±çŸ³
è™žç¾Žäººè‰,å¤ç›® æ¼±çŸ³
é•·è°·å·å›ã¨ä½™,å¤ç›® æ¼±çŸ³
å¤‰ãªéŸ³,å¤ç›® æ¼±çŸ³
å¤‰ãªéŸ³,å¤ç›® æ¼±çŸ³
å½¼å²¸éŽè¿„,å¤ç›® æ¼±çŸ³
ã‚³ãƒ³ãƒ©ãƒƒãƒ‰ã®æããŸã‚‹è‡ªç„¶ã«ã¤ã„ã¦,å¤ç›® æ¼±çŸ³
äººç”Ÿ,å¤ç›® æ¼±çŸ³
è‡ªè»¢è»Šæ—¥è¨˜,å¤ç›® æ¼±çŸ³
è–¤éœ²è¡Œ,å¤ç›® æ¼±çŸ³
ã‚±ãƒ¼ãƒ™ãƒ«å…ˆç”Ÿ,å¤ç›® æ¼±çŸ³
ã‚±ãƒ¼ãƒ™ãƒ«å…ˆç”Ÿã®å‘Šåˆ¥,å¤ç›® æ¼±çŸ³
ç§ã®å€‹äººä¸»ç¾©,å¤ç›® æ¼±çŸ³
ã“ã“ã‚,å¤ç›® æ¼±çŸ³
å‘å¤«,å¤ç›® æ¼±çŸ³
è¡Œäºº,å¤ç›® æ¼±çŸ³
è‰æž•,å¤ç›® æ¼±çŸ³
äº¬ã«ç€ã‘ã‚‹å¤•,å¤ç›® æ¼±çŸ³
æ•™è‚²ã¨æ–‡èŠ¸,å¤ç›® æ¼±çŸ³
å€«æ•¦æ¶ˆæ¯,å¤ç›® æ¼±çŸ³
å¹»å½±ã®ç›¾,å¤ç›® æ¼±çŸ³
æº€éŸ“ã¨ã“ã‚ã©ã“ã‚,å¤ç›® æ¼±çŸ³
æ˜Žæš—,å¤ç›® æ¼±çŸ³
é“è‰,å¤ç›® æ¼±çŸ³
ä¸‰å±±å±…å£«,å¤ç›® æ¼±çŸ³
é–€,å¤ç›® æ¼±çŸ³
ç„¡é¡Œ,å¤ç›® æ¼±çŸ³
åšå£«å•é¡Œã¨ãƒžãƒ¼ãƒ‰ãƒƒã‚¯å…ˆç”Ÿã¨ä½™,å¤ç›® æ¼±çŸ³
ä¸­å‘³ã¨å½¢å¼,å¤ç›® æ¼±çŸ³
å¾è¼©ã¯çŒ«ã§ã‚ã‚‹,å¤ç›® æ¼±çŸ³
å¾è¼©ãƒçŒ«ãƒ‡ã‚¢ãƒ«,å¤ç›® æ¼±çŸ³
é‡Žåˆ†,å¤ç›® æ¼±çŸ³
æ€ã„å‡ºã™äº‹ãªã©,å¤ç›® æ¼±çŸ³
ä½œç‰©ã®æ‰¹è©•,å¤ç›® æ¼±çŸ³
ä¸‰å››éƒŽ,å¤ç›® æ¼±çŸ³
å­è¦ã®ç”»,å¤ç›® æ¼±çŸ³
å†™ç”Ÿæ–‡,å¤ç›® æ¼±çŸ³
åˆç§‹ã®ä¸€æ—¥,å¤ç›® æ¼±çŸ³
æ‰‹ç´™,å¤ç›® æ¼±çŸ³
å¤¢åå¤œ,å¤ç›® æ¼±çŸ³
ã‚«ãƒ¼ãƒ©ã‚¤ãƒ«åšç‰©é¤¨,å¤ç›® æ¼±çŸ³
ç´ã®ãã‚‰éŸ³,å¤ç›® æ¼±çŸ³
å€«æ•¦å¡”,å¤ç›® æ¼±çŸ³
ä¸€å¤œ,å¤ç›® æ¼±çŸ³
å‰µä½œå®¶ã®æ…‹åº¦,å¤ç›® æ¼±çŸ³
è¶£å‘³ã®éºä¼,å¤ç›® æ¼±çŸ³
ãã‚Œã‹ã‚‰,å¤ç›® æ¼±çŸ³
æ¨¡å€£ã¨ç‹¬ç«‹,å¤ç›® æ¼±çŸ³
å­è¦ã®ç”»,å¤ç›® æ¼±çŸ³
åƒ•ã®æ˜”,å¤ç›® æ¼±çŸ³
æ­£å²¡å­è¦,å¤ç›® æ¼±çŸ³
ã€Žæ±æ´‹ç¾Žè¡“å›³è­œã€,å¤ç›® æ¼±çŸ³
ã‚¤ã‚ºãƒ ã®åŠŸéŽ,å¤ç›® æ¼±çŸ³
æˆ¦äº‰ã‹ã‚‰ããŸè¡Œãé•ã„,å¤ç›® æ¼±çŸ³
ç”°å±±èŠ±è¢‹å›ã«ç­”ã†,å¤ç›® æ¼±çŸ³
æ–‡å£‡ã®è¶¨å‹¢,å¤ç›® æ¼±çŸ³
æ˜Žæ²»åº§ã®æ‰€æ„Ÿã‚’è™šå­å›ã«å•ã‚Œã¦,å¤ç›® æ¼±çŸ³
è™šå­å›ã¸,å¤ç›® æ¼±çŸ³
ãƒžãƒ¼ãƒ‰ãƒƒã‚¯å…ˆç”Ÿã®ã€Žæ—¥æœ¬æ­´å²ã€,å¤ç›® æ¼±çŸ³
åšå£«å•é¡Œã®æˆè¡Œ,å¤ç›® æ¼±çŸ³
å­¦è€…ã¨åèª‰,å¤ç›® æ¼±çŸ³
éˆ´æœ¨ä¸‰é‡å‰å®›æ›¸ç°¡â€•æ˜Žæ²»ä¸‰åä¹å¹´,å¤ç›® æ¼±çŸ³
é«˜æµœè™šå­è‘—ã€Žé¶é ­ã€åº,å¤ç›® æ¼±çŸ³
ã€ŽåœŸã€ã«å°±ã¦,å¤ç›® æ¼±çŸ³
å²¡æœ¬ä¸€å¹³è‘—ä¸¦ç”»ã€ŽæŽ¢è¨ªç”»è¶£ã€åº,å¤ç›® æ¼±çŸ³
æœ¨ä¸‹æ¢å¤ªéƒŽã€Žå”è‰è¡¨ç´™ã€åº,å¤ç›® æ¼±çŸ³
ã€Žå¾è¼©ã¯çŒ«ã§ã‚ã‚‹ã€ä¸­ç¯‡è‡ªåº,å¤ç›® æ¼±çŸ³
ã€Žå¾è¼©ã¯çŒ«ã§ã‚ã‚‹ã€ä¸‹ç¯‡è‡ªåº,å¤ç›® æ¼±çŸ³
å…¥ç¤¾ã®è¾ž,å¤ç›® æ¼±çŸ³
å…ƒæ—¥,å¤ç›® æ¼±çŸ³
ä½™ã¨ä¸‡å¹´ç­†,å¤ç›® æ¼±çŸ³
è½ç¬¬,å¤ç›® æ¼±çŸ³
ç§ã®çµŒéŽã—ãŸå­¦ç”Ÿæ™‚ä»£,å¤ç›® æ¼±çŸ³
äºˆã®æã‹ã‚“ã¨æ¬²ã™ã‚‹ä½œå“,å¤ç›® æ¼±çŸ³
æ–‡å£«ã®ç”Ÿæ´»,å¤ç›® æ¼±çŸ³
å‡¦å¥³ä½œè¿½æ‡è«‡,å¤ç›® æ¼±çŸ³
æ–‡èŠ¸ã¯ç”·å­ä¸€ç”Ÿã®äº‹æ¥­ã¨ã™ã‚‹ã«è¶³ã‚‰ã–ã‚‹ä¹Ž,å¤ç›® æ¼±çŸ³
é•·å¡šç¯€æ°ã®å°èª¬ã€ŒåœŸã€,å¤ç›® æ¼±çŸ³
ç‚¹é ­éŒ²,å¤ç›® æ¼±çŸ³
ã€Žãã‚Œã‹ã‚‰ã€äºˆå‘Š,å¤ç›® æ¼±çŸ³
ã€Žä¸‰å››éƒŽã€äºˆå‘Š,å¤ç›® æ¼±çŸ³
çŒ«ã®åºƒå‘Šæ–‡,å¤ç›® æ¼±çŸ³
ã€Žç…¤ç…™ã€ã®åº,å¤ç›® æ¼±çŸ³
æ–‡èŠ¸ã¨ãƒ’ãƒ­ã‚¤ãƒ„ã‚¯,å¤ç›® æ¼±çŸ³
è‰‡é•·ã®éºæ›¸ã¨ä¸­ä½ã®è©©,å¤ç›® æ¼±çŸ³
ã€Žå¿ƒã€äºˆå‘Š,å¤ç›® æ¼±çŸ³
ã€Žå¿ƒã€è‡ªåº,å¤ç›® æ¼±çŸ³
ã€Žå¿ƒã€åºƒå‘Šæ–‡,å¤ç›® æ¼±çŸ³
ã€Žä¼èª¬ã®æ™‚ä»£ã€åº,å¤ç›® æ¼±çŸ³
ã€Œè‡ªç„¶ã‚’å†™ã™æ–‡ç« ã€,å¤ç›® æ¼±çŸ³
è¥¿æ´‹ã«ã¯ãªã„,å¤ç›® æ¼±çŸ³
ã€Žå¾è¼©ã¯çŒ«ã§ã‚ã‚‹ã€ä¸Šç¯‡è‡ªåº,å¤ç›® æ¼±çŸ³
ã€Œé¡ã®ç”·ã€ã‚’èª­ã‚€,å¤ç›® æ¼±çŸ³
ãã‚Œã‹ã‚‰,å¤ç›® æ¼±çŸ³
ã€ŒåœŸã€ã«å°±ã¦,å¤ç›® æ¼±çŸ³
é¬¼å“­å¯ºã®ä¸€å¤œ,å¤ç›® æ¼±çŸ³
sqlite> .quit 
[1m[7m%[27m[1m[0m                                                                                                                                                                                     
[0m[27m[24m[J[32m~/nu/csex1/csex1_6[39m $ [K[?2004heexit[?2004l

Script done on Thu May  6 13:13:24 2021
